
Timwiz@DESKTOP-LRTVOK8 MINGW64 ~
$ pwd
/c/Users/Timwiz

Timwiz@DESKTOP-LRTVOK8 MINGW64 ~
$ cd Desktop/Sites

Timwiz@DESKTOP-LRTVOK8 MINGW64 ~/Desktop/Sites
$ ls
hello-world/  welcome-to-git/

Timwiz@DESKTOP-LRTVOK8 MINGW64 ~/Desktop/Sites
$ git clone https://github.com/LearnWebCode/travel-site-files.git
Cloning into 'travel-site-files'...
remote: Enumerating objects: 98, done.
remote: Counting objects: 100% (6/6), done.
remote: Compressing objects: 100% (2/2), done.
Receiving objects: 100% (98/98), 3.37 MiB | 7.51 MiB/s, done.2

Resolving deltas: 100% (12/12), done.

Timwiz@DESKTOP-LRTVOK8 MINGW64 ~/Desktop/Sites
$ cd travel-sites
bash: cd: travel-sites: No such file or directory

Timwiz@DESKTOP-LRTVOK8 MINGW64 ~/Desktop/Sites
$ cd travel-site

Timwiz@DESKTOP-LRTVOK8 MINGW64 ~/Desktop/Sites/travel-site (master)
$ git remote -v
origin  https://github.com/LearnWebCode/travel-site-files.git (fetch)
origin  https://github.com/LearnWebCode/travel-site-files.git (push)

Timwiz@DESKTOP-LRTVOK8 MINGW64 ~/Desktop/Sites/travel-site (master)
$ git remote set-url origin git@github.com:timbushey/travel-site.git

Timwiz@DESKTOP-LRTVOK8 MINGW64 ~/Desktop/Sites/travel-site (master)
$ git remote -v
origin  git@github.com:timbushey/travel-site.git (fetch)
origin  git@github.com:timbushey/travel-site.git (push)

Timwiz@DESKTOP-LRTVOK8 MINGW64 ~/Desktop/Sites/travel-site (master)
$ git push origin master
The authenticity of host 'github.com (140.82.113.3)' can't be established.
ED25519 key fingerprint is SHA256:+DiY3wvvV6TuJJhbpZisF/zLDA0zPMSvHdkr4UvCOqU.
This key is not known by any other names
Are you sure you want to continue connecting (yes/no/[fingerprint])? y
Please type 'yes', 'no' or the fingerprint: yes
Warning: Permanently added 'github.com' (ED25519) to the list of known hosts.
git@github.com: Permission denied (publickey).
fatal: Could not read from remote repository.

Please make sure you have the correct access rights
and the repository exists.

Timwiz@DESKTOP-LRTVOK8 MINGW64 ~/Desktop/Sites/travel-site (master)
$ git push origin master
git@github.com: Permission denied (publickey).
fatal: Could not read from remote repository.

Please make sure you have the correct access rights
and the repository exists.

Timwiz@DESKTOP-LRTVOK8 MINGW64 ~/Desktop/Sites/travel-site (master)
$ git push origin master tubg2D~64
fatal: invalid refspec 'tubg2D~64'

Timwiz@DESKTOP-LRTVOK8 MINGW64 ~/Desktop/Sites/travel-site (master)
$